<html>
<body>
<pre>
<h1>礦ision Build Log</h1>
<h2>Tool Versions:</h2>
IDE-Version: μVision V5.21.1.0
Copyright (C) 2016 ARM Ltd and ARM Germany GmbH. All rights reserved.
License Information: fd dfd, fdf, LIC=LJWFW-QX2PX-LT73E-5T3RN-EHBE4-H78SE
 
Tool Versions:
Toolchain:       MDK-ARM Professional  Version: 5.21a
Toolchain Path:  C:\Keil_v5\ARM\ARMCC\Bin
C Compiler:      Armcc.exe V5.06 update 3 (build 300)
Assembler:       Armasm.exe V5.06 update 3 (build 300)
Linker/Locator:  ArmLink.exe V5.06 update 3 (build 300)
Library Manager: ArmAr.exe V5.06 update 3 (build 300)
Hex Converter:   FromElf.exe V5.06 update 3 (build 300)
CPU DLL:         SARMCM3.DLL V5.21a
Dialog DLL:      DARMSTM.DLL V1.66.0.1
Target DLL:      Segger\JL2CM3.dll V2.99.16.0
Dialog DLL:      TARMSTM.DLL V1.65.0.0
 
<h2>Project:</h2>
C:\baiduNetDisk\标准例程-库函数版本\2，标准例程-库函数版本\实验4 串口实验\USER\USART.uvprojx
Project File Date:  07/15/2017

<h2>Output:</h2>
*** Using Compiler 'V5.06 update 3 (build 300)', folder: 'C:\Keil_v5\ARM\ARMCC\Bin'
Rebuild target 'USART'
compiling stm32f10x_it.c...
compiling system_stm32f10x.c...
compiling main.c...
main.c(60): warning:  #177-D: variable "len" was declared but never referenced
  	u16 len;	
main.c(61): warning:  #177-D: variable "times" was declared but never referenced
  	u16 times=0;
main.c: 2 warnings, 0 errors
compiling led.c...
compiling key.c...
compiling timer.c...
compiling motor.c...
compiling encoder.c...
compiling lcd.c...
compiling delay.c...
compiling sys.c...
compiling usart.c...
compiling tools.c...
..\SYSTEM\sys\tools.c(50): warning:  #177-D: variable "tempLong" was declared but never referenced
      long long tempLong;
..\SYSTEM\sys\tools.c(51): warning:  #177-D: variable "tempCounter" was declared but never referenced
      long long tempCounter;
..\SYSTEM\sys\tools.c: 2 warnings, 0 errors
compiling core_cm3.c...
assembling startup_stm32f10x_hd.s...
compiling exti.c...
compiling misc.c...
compiling stm32f10x_gpio.c...
compiling stm32f10x_rcc.c...
compiling stm32f10x_usart.c...
compiling stm32f10x_fsmc.c...
compiling stm32f10x_tim.c...
compiling stm32f10x_spi.c...
compiling stm32f10x_exti.c...
linking...
Program Size: Code=17206 RO-data=842 RW-data=124 ZI-data=1988  
FromELF: creating hex file...
"..\OBJ\MotorDriver.axf" - 0 Error(s), 4 Warning(s).

<h2>Collection of Component include folders:</h2>
  C:\baiduNetDisk\标准例程-库函数版本\2，标准例程-库函数版本\实验4 串口实验\USER\RTE
  C:\Keil_v5\ARM\PACK\Keil\STM32F1xx_DFP\1.0.5\Device\Include

<h2>Collection of Component Files used:</h2>
Build Time Elapsed:  00:00:05
</pre>
</body>
</html>
